[backblue.gif]
[fade.gif]
[index.html]
[192.168.0.251_7001/assets/favicon.png]
[192.168.0.251_7001/assets/css/logo.png]
[192.168.0.251_7001/assets/vendor/jquery/jquery-1.8.2.min.js]
[192.168.0.251_7001/assets/vendor/bootstrap/js/bootstrap.min.js]
[192.168.0.251_7001/assets/vendor/prettify/prettify-min.js]
[192.168.0.251_7001/assets/js/config.js]
[192.168.0.251_7001/assets/js/doc.js]
[192.168.0.251_7001/index.html]
[192.168.0.251_7001/assets/vendor/prettify/prettify-min.css]
[192.168.0.251_7001/assets/img/spinner.gif]
[192.168.0.251_7001/assets/css/loading.gif]
[192.168.0.251_7001/assets/css/main.css]
[192.168.0.251_7001/assets/vendor/bootstrap/fonts/glyphicons-halflings-regular.eot]
[192.168.0.251_7001/assets/vendor/bootstrap/fonts/glyphicons-halflings-regular.woff]
[192.168.0.251_7001/assets/vendor/bootstrap/fonts/glyphicons-halflings-regular.ttf]
[192.168.0.251_7001/assets/vendor/bootstrap/fonts/glyphicons-halflings-regulard41d.eot]
[192.168.0.251_7001/assets/vendor/bootstrap/css/bootstrap.min.css]
[192.168.0.251_7001/modules/iiw.c.directives.html]
[192.168.0.251_7001/classes/cPicker.html]
[192.168.0.251_7001/modules/iiw.core.directives.html]
[192.168.0.251_7001/classes/iCopyText.html]
[192.168.0.251_7001/classes/iExit.html]
[192.168.0.251_7001/classes/iLogout.html]
[192.168.0.251_7001/classes/iLang.html]
[192.168.0.251_7001/classes/iDomSelect.html]
[192.168.0.251_7001/classes/iDrag.html]
[192.168.0.251_7001/classes/iLogo.html]
[192.168.0.251_7001/classes/iResize.html]
[192.168.0.251_7001/classes/iScroll.html]
[192.168.0.251_7001/classes/iScroll2.html]
[192.168.0.251_7001/modules/iiw.core.services.html]
[192.168.0.251_7001/classes/iAjax.html]
[192.168.0.251_7001/classes/iSocket.html]
[192.168.0.251_7001/classes/iConfig.html]
[192.168.0.251_7001/classes/iConfirm.html]
[192.168.0.251_7001/classes/iGetLang.html]
[192.168.0.251_7001/classes/iMessage.html]
[192.168.0.251_7001/classes/iTimeNow.html]
[192.168.0.251_7001/classes/iToken.html]
[192.168.0.251_7001/modules/iiw.safe.directives.html]
[192.168.0.251_7001/classes/safePicker.html]
[192.168.0.251_7001/classes/safeTree.html]
[192.168.0.251_7001/modules/iiw.safe.services.html]
[192.168.0.251_7001/classes/safeCamera.create.html]
[192.168.0.251_7001/assets/vendor/bootstrap/fonts/glyphicons-halflings-regular.svg]
[192.168.0.251_7001/files/temp_iiw.command_webapp_js_directives_CPicker.js.html]
[192.168.0.251_7001/files/temp_iiw.core_webapp_js_directives_button_copytext.js.html]
[192.168.0.251_7001/files/temp_iiw.core_webapp_js_directives_button_exit.js.html]
[192.168.0.251_7001/files/temp_iiw.core_webapp_js_directives_button_logout.js.html]
[192.168.0.251_7001/files/temp_iiw.core_webapp_js_directives_lang_lang.js.html]
[192.168.0.251_7001/files/temp_iiw.core_webapp_js_directives_layout_domselect.js.html]
[192.168.0.251_7001/files/temp_iiw.core_webapp_js_directives_layout_drag.js.html]
[192.168.0.251_7001/files/temp_iiw.core_webapp_js_directives_layout_logo.js.html]
[192.168.0.251_7001/files/temp_iiw.core_webapp_js_directives_layout_resize.js.html]
[192.168.0.251_7001/files/temp_iiw.core_webapp_js_directives_layout_scroll.js.html]
[192.168.0.251_7001/files/temp_iiw.core_webapp_js_directives_layout_scroll2.js.html]
[192.168.0.251_7001/files/temp_iiw.core_webapp_js_services_server_ajax.js.html]
[192.168.0.251_7001/files/temp_iiw.core_webapp_js_services_server_socket.js.html]
[192.168.0.251_7001/files/temp_iiw.core_webapp_js_services_util_config.js.html]
[192.168.0.251_7001/files/temp_iiw.core_webapp_js_services_util_confirm.js.html]
[192.168.0.251_7001/files/temp_iiw.core_webapp_js_services_util_getlang.js.html]
[192.168.0.251_7001/files/temp_iiw.core_webapp_js_services_util_message.js.html]
[192.168.0.251_7001/files/temp_iiw.core_webapp_js_services_util_timenow.js.html]
[192.168.0.251_7001/files/temp_iiw.core_webapp_js_services_util_token.js.html]
[192.168.0.251_7001/files/temp_iiw.safe_webapp_js_directives_safePicker.js.html]
[192.168.0.251_7001/files/temp_iiw.master_webapp_js_services_masterNavbar.js.html]
[192.168.0.251_7001/files/temp_iiw.master_webapp_js_services_masterLoadCharts.js.html]
[192.168.0.251_7001/files/temp_iiw.safe_webapp_js_directives_safeTree.js.html]
[192.168.0.251_7001/files/temp_iiw.safe_webapp_js_services_safeCamera.js.html]
